{
  "time": "time",
  "leve": "warn",
  "mess": "foo",
  "light": "darkness",
  "stac": [
    "--REPLACED--/logger_test.go:86"
  ],
  "call": "--REPLACED--/logger_test.go:154"
}
