{
  "time": "time",
  "leve": "erro",
  "mess": "foo",
  "call": "--REPLACED--/logger_test.go:154"
}
