{
  "time": "time",
  "level": "info",
  "message": "foo bar baz",
  "caller": "--REPLACED--/logger_test.go:154"
}
