{
  "time": "time",
  "leve": "erro",
  "mess": "foo bar baz"
}
