{
  "time": "time",
  "level": "warning",
  "message": "foo",
  "code": "red",
  "caller": "--REPLACED--/logger_test.go:154"
}
