{
  "time": "time",
  "leve": "warn",
  "mess": "foo",
  "stac": [
    "--REPLACED--/logger_test.go:95",
    "--REPLACED--/logger_test.go:95"
  ]
}
