{
  "time": "time",
  "level": "error",
  "message": "foo",
  "caller": "--REPLACED--/logger_test.go:157"
}
