{
  "time": "time",
  "leve": "warn",
  "mess": "foo",
  "stac": [
    "--REPLACED--/logger_test.go:292",
    "--REPLACED--/logger_test.go:292"
  ]
}
