{
  "time": "time",
  "level": "warning",
  "message": "foo",
  "desc": "whatever",
  "kind": "notfoundError",
  "caller": "--REPLACED--/logger_test.go:361"
}
