{
  "time": "time",
  "leve": "warn",
  "mess": "foo",
  "desc": "whatever",
  "kind": "notfoundError",
  "call": "--REPLACED--/logger_test.go:354"
}
