{
  "time": "time",
  "level": "error",
  "message": "foo bar baz"
}
