{
  "time": "time",
  "level": "error",
  "foo": "bar",
  "key": "val",
  "mar": "noo",
  "tri": "fan",
  "zoo": "fre",
  "message": "foo",
  "caller": "--REPLACED--/logger_test.go:354"
}
