{
  "time": "time",
  "leve": "info",
  "mess": "foo bar baz",
  "call": "--REPLACED--/logger_test.go:354"
}
