{
  "time": "time",
  "level": "warning",
  "message": "foo",
  "stack": {
    "description": "test error description",
    "trace": [
      "--REPLACED--/logger_test.go:299",
      "--REPLACED--/logger_test.go:299"
    ]
  }
}
