LogCtx() received uneven amount of key-value pairs
