{
  "time": "time",
  "level": "warning",
  "message": "foo",
  "light": "darkness",
  "stack": [
    "--REPLACED--/logger_test.go:282"
  ],
  "caller": "--REPLACED--/logger_test.go:354"
}
